 Network parcanvox_default Creating 
 Network parcanvox_default Created 
 Container parcanvox-voxtral_small-run-c45dffd813a4 Creating 
 Container parcanvox-voxtral_small-run-c45dffd813a4 Created 
2026-07-28 04:09:09,179 [INFO] Dataset fingerprint: a3e83cf2aa8a84b85142
2026-07-28 04:09:09,179 [INFO] Segments: 17 | Total audio: 5634.2s
2026-07-28 04:09:09,180 [INFO] [1/17] seg_0001 — Consultation 1.m4a
2026-07-28 04:09:09,362 [INFO]     chunk 1/1 — 105.7s
2026-07-28 04:09:19,067 [INFO] HTTP Request: POST https://api.scaleway.ai/v1/audio/transcriptions "HTTP/1.1 200 OK"
2026-07-28 04:09:19,071 [INFO]   chunks=1 | latency=9.9s
2026-07-28 04:09:19,076 [INFO]   WER=0.032 | CER=0.011 | RTF=0.094 | latency=9.9s
2026-07-28 04:09:19,076 [INFO]   REF: bonjour comment allez-vous depuis la dernière consultation bonjour docteur ça va mais ça a pas trop 
2026-07-28 04:09:19,076 [INFO]   HYP: bonjour comment allez-vous depuis la dernière consultation bonjour docteur ça va mais ça a pas trop 
2026-07-28 04:09:19,077 [INFO] [2/17] seg_0002 — Recording_1001.m4a
2026-07-28 04:09:37,707 [INFO]     chunk 1/3 — 178.8s
2026-07-28 04:09:54,167 [INFO] HTTP Request: POST https://api.scaleway.ai/v1/audio/transcriptions "HTTP/1.1 200 OK"
2026-07-28 04:09:54,171 [INFO]     chunk 2/3 — 169.4s
2026-07-28 04:10:07,545 [INFO] HTTP Request: POST https://api.scaleway.ai/v1/audio/transcriptions "HTTP/1.1 200 OK"
2026-07-28 04:10:07,548 [INFO]     chunk 3/3 — 135.7s
2026-07-28 04:10:18,596 [INFO] HTTP Request: POST https://api.scaleway.ai/v1/audio/transcriptions "HTTP/1.1 200 OK"
2026-07-28 04:10:18,601 [INFO]   chunks=3 | latency=59.5s
2026-07-28 04:10:18,621 [INFO]   WER=0.049 | CER=0.027 | RTF=0.113 | latency=59.5s
2026-07-28 04:10:18,621 [INFO]   REF: bonjour monsieur dubois ça va bien bonjour docteur oui ça va ça va ai apporté mon adresse habitude p
2026-07-28 04:10:18,621 [INFO]   HYP: bonjour monsieur dubois ça va bien bonjour docteur oui ça va ça va ai apporté mon adresse est habitu
2026-07-28 04:10:18,621 [INFO] [3/17] seg_0003 — Recording_1006.m4a
2026-07-28 04:10:37,881 [INFO]     chunk 1/4 — 180.0s
2026-07-28 04:10:50,693 [INFO] HTTP Request: POST https://api.scaleway.ai/v1/audio/transcriptions "HTTP/1.1 200 OK"
2026-07-28 04:10:50,697 [INFO]     chunk 2/4 — 136.1s
2026-07-28 04:11:04,319 [INFO] HTTP Request: POST https://api.scaleway.ai/v1/audio/transcriptions "HTTP/1.1 200 OK"
2026-07-28 04:11:04,322 [INFO]     chunk 3/4 — 175.7s
2026-07-28 04:11:23,292 [INFO] HTTP Request: POST https://api.scaleway.ai/v1/audio/transcriptions "HTTP/1.1 200 OK"
2026-07-28 04:11:23,295 [INFO]     chunk 4/4 — 33.6s
2026-07-28 04:11:26,707 [INFO] HTTP Request: POST https://api.scaleway.ai/v1/audio/transcriptions "HTTP/1.1 200 OK"
2026-07-28 04:11:26,712 [INFO]   chunks=4 | latency=68.1s
2026-07-28 04:11:26,733 [INFO]   WER=0.093 | CER=0.052 | RTF=0.124 | latency=68.1s
2026-07-28 04:11:26,733 [INFO]   REF: bonjour m laurent alors vous venez me voir sur les conseils de votre médecin généraliste est ça oui 
2026-07-28 04:11:26,733 [INFO]   HYP: bonjour m laurent alors vous venez me voir sur les conseils de votre médecin généraliste est ça oui 
2026-07-28 04:11:26,733 [INFO] [4/17] seg_0004 — Recording_1007.m4a
2026-07-28 04:11:43,347 [INFO]     chunk 1/3 — 176.6s
2026-07-28 04:11:57,307 [INFO] HTTP Request: POST https://api.scaleway.ai/v1/audio/transcriptions "HTTP/1.1 200 OK"
2026-07-28 04:11:57,310 [INFO]     chunk 2/3 — 179.5s
2026-07-28 04:12:15,382 [INFO] HTTP Request: POST https://api.scaleway.ai/v1/audio/transcriptions "HTTP/1.1 200 OK"
2026-07-28 04:12:15,386 [INFO]     chunk 3/3 — 58.8s
2026-07-28 04:12:21,491 [INFO] HTTP Request: POST https://api.scaleway.ai/v1/audio/transcriptions "HTTP/1.1 200 OK"
2026-07-28 04:12:21,492 [INFO]   chunks=3 | latency=54.8s
2026-07-28 04:12:21,510 [INFO]   WER=0.071 | CER=0.055 | RTF=0.108 | latency=54.8s
2026-07-28 04:12:21,510 [INFO]   REF: bonjour madame lefebvre alors venez vous asseoir doucement je vois que vous préférez rester assise o
2026-07-28 04:12:21,510 [INFO]   HYP: bonjour madame lefebvre alors venez vous asseoir doucement je vois que vous préférez rester assise o
2026-07-28 04:12:21,510 [INFO] [5/17] seg_0005 — Recording_3006.m4a
2026-07-28 04:12:40,172 [INFO]     chunk 1/3 — 179.5s
2026-07-28 04:12:57,054 [INFO] HTTP Request: POST https://api.scaleway.ai/v1/audio/transcriptions "HTTP/1.1 200 OK"
2026-07-28 04:12:57,058 [INFO]     chunk 2/3 — 175.3s
2026-07-28 04:13:13,517 [INFO] HTTP Request: POST https://api.scaleway.ai/v1/audio/transcriptions "HTTP/1.1 200 OK"
2026-07-28 04:13:13,521 [INFO]     chunk 3/3 — 111.5s
2026-07-28 04:13:23,718 [INFO] HTTP Request: POST https://api.scaleway.ai/v1/audio/transcriptions "HTTP/1.1 200 OK"
2026-07-28 04:13:23,724 [INFO]   chunks=3 | latency=62.2s
2026-07-28 04:13:23,743 [INFO]   WER=0.132 | CER=0.103 | RTF=0.116 | latency=62.2s
2026-07-28 04:13:23,743 [INFO]   REF: madame ben saïd oui bonjour bonjour madame allez-y je vous en prie installez-vous très bien merci al
2026-07-28 04:13:23,743 [INFO]   HYP: madame ben saïd oui bonjour bonjour madame allez-y je vous en prie est à vous bonjour docteur très b
2026-07-28 04:13:23,743 [INFO] [6/17] seg_0006 — perso_9.m4a
2026-07-28 04:13:39,490 [INFO]     chunk 1/2 — 175.0s
2026-07-28 04:13:40,596 [INFO] HTTP Request: POST https://api.scaleway.ai/v1/audio/transcriptions "HTTP/1.1 400 Bad Request"
2026-07-28 04:13:40,603 [ERROR]   Transcription failed: Error code: 400 - {'error': {'message': 'Maximum file size exceeded (parameter=audio_filesize_mb, value=32.04862594604492)', 'type': 'BadRequestError', 'param': 'audio_filesize_mb', 'code': 400}}
2026-07-28 04:13:40,605 [INFO]   chunks=0 | latency=-1.0s
2026-07-28 04:13:40,607 [INFO]   WER=1.000 | CER=0.998 | RTF=-0.004 | latency=-1.0s
2026-07-28 04:13:40,607 [INFO]   REF: chers confrères je vous en consultation monsieur pour hypoacousie droite point à la ligne bien pris 
2026-07-28 04:13:40,607 [INFO]   HYP: error
2026-07-28 04:13:40,607 [INFO] [7/17] seg_0007 — audio_orl1.m4a
2026-07-28 04:13:40,751 [INFO]     chunk 1/1 — 87.3s
2026-07-28 04:13:48,996 [INFO] HTTP Request: POST https://api.scaleway.ai/v1/audio/transcriptions "HTTP/1.1 200 OK"
2026-07-28 04:13:48,998 [INFO]   chunks=1 | latency=8.4s
2026-07-28 04:13:49,002 [INFO]   WER=0.170 | CER=0.050 | RTF=0.016 | latency=8.4s
2026-07-28 04:13:49,002 [WARNING]   ⚠️  DOSAGE_MISMATCH: ref=4mg hyp=75mg (ratio=18.8x)
2026-07-28 04:13:49,002 [INFO]   REF: cher confrère ai vu ce jour mlle dupont marie pour 1 problématique de vertiges évoluant depuis envir
2026-07-28 04:13:49,002 [INFO]   HYP: chers confrères ai vu ce jour madame dupont-marie pour 1 problématique de vertige évoluant depuis en
2026-07-28 04:13:49,002 [INFO] [8/17] seg_0008 — audio_orl2.m4a
2026-07-28 04:13:49,192 [INFO]     chunk 1/1 — 155.5s
2026-07-28 04:14:01,850 [INFO] HTTP Request: POST https://api.scaleway.ai/v1/audio/transcriptions "HTTP/1.1 200 OK"
2026-07-28 04:14:01,853 [INFO]   chunks=1 | latency=12.9s
2026-07-28 04:14:01,858 [INFO]   WER=0.111 | CER=0.031 | RTF=0.023 | latency=12.9s
2026-07-28 04:14:01,858 [INFO]   REF: bilan 1 lésion suspecte du bord libre de hémilangue droite le patient a comme antécédents 1 otospong
2026-07-28 04:14:01,858 [INFO]   HYP: 1 lésion suspecte du bord libre de hémilangue droite le patient a comme antécédent 1 otospongieuse d
2026-07-28 04:14:01,858 [INFO] [9/17] seg_0009 — perso_4.m4a
2026-07-28 04:14:02,044 [INFO]     chunk 1/1 — 86.9s
2026-07-28 04:14:07,971 [INFO] HTTP Request: POST https://api.scaleway.ai/v1/audio/transcriptions "HTTP/1.1 200 OK"
2026-07-28 04:14:07,975 [INFO]   chunks=1 | latency=6.1s
2026-07-28 04:14:07,977 [INFO]   WER=0.331 | CER=0.195 | RTF=0.070 | latency=6.1s
2026-07-28 04:14:07,977 [INFO]   REF: chers confrère je vois en consultation le jeune à 8 mois de son amygdalectomie partielle adénoïdecto
2026-07-28 04:14:07,977 [INFO]   HYP: chers confrères je vois en consultation le jeune à 8 mois de son amydaectomie partielle adénodectomi
2026-07-28 04:14:07,977 [INFO] [10/17] seg_0010 — Recording_1019.m4a
2026-07-28 04:14:27,511 [INFO]     chunk 1/3 — 178.2s
2026-07-28 04:14:43,441 [INFO] HTTP Request: POST https://api.scaleway.ai/v1/audio/transcriptions "HTTP/1.1 200 OK"
2026-07-28 04:14:43,444 [INFO]     chunk 2/3 — 171.6s
2026-07-28 04:14:59,428 [INFO] HTTP Request: POST https://api.scaleway.ai/v1/audio/transcriptions "HTTP/1.1 200 OK"
2026-07-28 04:14:59,431 [INFO]     chunk 3/3 — 61.3s
2026-07-28 04:15:05,280 [INFO] HTTP Request: POST https://api.scaleway.ai/v1/audio/transcriptions "HTTP/1.1 200 OK"
2026-07-28 04:15:05,282 [INFO]   chunks=3 | latency=57.3s
2026-07-28 04:15:05,299 [INFO]   WER=1.802 | CER=1.550 | RTF=0.095 | latency=57.3s
2026-07-28 04:15:05,299 [INFO]   REF: bonjour madame dupont vous avez 1 problème de voix je peux plus parler normalement vous parlez très 
2026-07-28 04:15:05,299 [INFO]   HYP: bonjour madame dupont alors vous avez 1 problème de voix est ça oui bonjour docteur est ça je parle 
2026-07-28 04:15:05,299 [INFO] [11/17] seg_0011 — Recording_3005.m4a
2026-07-28 04:15:20,546 [INFO]     chunk 1/2 — 178.5s
2026-07-28 04:15:34,680 [INFO] HTTP Request: POST https://api.scaleway.ai/v1/audio/transcriptions "HTTP/1.1 200 OK"
2026-07-28 04:15:34,683 [INFO]     chunk 2/2 — 159.2s
2026-07-28 04:15:47,214 [INFO] HTTP Request: POST https://api.scaleway.ai/v1/audio/transcriptions "HTTP/1.1 200 OK"
2026-07-28 04:15:47,218 [INFO]   chunks=2 | latency=41.9s
2026-07-28 04:15:47,232 [INFO]   WER=0.105 | CER=0.064 | RTF=0.097 | latency=41.9s
2026-07-28 04:15:47,232 [INFO]   REF: bonjour madame riboud venez je vous en prie entrez venez vous asseoir merci docteur honnêtement ai p
2026-07-28 04:15:47,232 [INFO]   HYP: bonjour madame riboud venez je vous en prie entrez venez vous asseoir est votre père honnêtement ai 
2026-07-28 04:15:47,233 [INFO] [12/17] seg_0012 — perso_6.m4a
2026-07-28 04:15:47,485 [INFO]     chunk 1/1 — 154.6s
2026-07-28 04:15:48,589 [INFO] HTTP Request: POST https://api.scaleway.ai/v1/audio/transcriptions "HTTP/1.1 400 Bad Request"
2026-07-28 04:15:48,594 [ERROR]   Transcription failed: Error code: 400 - {'error': {'message': 'Maximum file size exceeded (parameter=audio_filesize_mb, value=28.316204071044922)', 'type': 'BadRequestError', 'param': 'audio_filesize_mb', 'code': 400}}
2026-07-28 04:15:48,594 [INFO]   chunks=0 | latency=-1.0s
2026-07-28 04:15:48,596 [INFO]   WER=1.000 | CER=0.998 | RTF=-0.006 | latency=-1.0s
2026-07-28 04:15:48,596 [INFO]   REF: chers confrère je vois en consultation la jeune pour la laryngite à répétition et troubles respirato
2026-07-28 04:15:48,596 [INFO]   HYP: error
2026-07-28 04:15:48,596 [INFO] [13/17] seg_0014 — Recording_4001.m4a
2026-07-28 04:15:48,779 [INFO]     chunk 1/1 — 136.6s
2026-07-28 04:15:58,987 [INFO] HTTP Request: POST https://api.scaleway.ai/v1/audio/transcriptions "HTTP/1.1 200 OK"
2026-07-28 04:15:58,990 [INFO]   chunks=1 | latency=10.4s
2026-07-28 04:15:58,995 [INFO]   WER=0.210 | CER=0.098 | RTF=0.076 | latency=10.4s
2026-07-28 04:15:58,995 [INFO]   REF: je vois en consultation mes sujets ai de 64 ans resté par son médecin traitant pour optimisation du 
2026-07-28 04:15:58,995 [INFO]   HYP: je vois en consultation mes sujets ai 64 ans adressé par son médecin traitant pour optimisation du t
2026-07-28 04:15:58,995 [INFO] [14/17] seg_0015 — Recording_4002.m4a
2026-07-28 04:15:59,152 [INFO]     chunk 1/1 — 126.6s
2026-07-28 04:16:08,547 [INFO] HTTP Request: POST https://api.scaleway.ai/v1/audio/transcriptions "HTTP/1.1 200 OK"
2026-07-28 04:16:08,550 [INFO]   chunks=1 | latency=9.6s
2026-07-28 04:16:08,555 [INFO]   WER=0.298 | CER=0.210 | RTF=0.075 | latency=9.6s
2026-07-28 04:16:08,555 [INFO]   REF: madame durand ai de 52 ans opérée ce jour pour polypose nasocinusine bilatérale récidivante dans le 
2026-07-28 04:16:08,555 [INFO]   HYP: madame durand ai 52 ans opérée ce jour pour polypose nasosinusine bilatérale récidivante dans le cad
2026-07-28 04:16:08,555 [INFO] [15/17] seg_0016 — Recording_4003.m4a
2026-07-28 04:16:15,043 [INFO]     chunk 1/1 — 167.4s
2026-07-28 04:16:27,781 [INFO] HTTP Request: POST https://api.scaleway.ai/v1/audio/transcriptions "HTTP/1.1 200 OK"
2026-07-28 04:16:27,784 [INFO]   chunks=1 | latency=19.2s
2026-07-28 04:16:27,790 [INFO]   WER=0.117 | CER=0.044 | RTF=0.104 | latency=19.2s
2026-07-28 04:16:27,790 [WARNING]   ⚠️  DOSAGE_MISSING: ref=68ui not found in hypothesis
2026-07-28 04:16:27,790 [INFO]   REF: je vois en consultation madame duville âgée de 57 ans adressée pour prise en charge 1 polyarthrite r
2026-07-28 04:16:27,790 [INFO]   HYP: je vois en consultation madame duville âgée de 57 ans adressée pour prise en charge 1 polyarthrite r
2026-07-28 04:16:27,790 [INFO] [16/17] seg_0017 — Recording_4005.m4a
2026-07-28 04:16:36,255 [INFO]     chunk 1/1 — 243.5s
2026-07-28 04:16:53,781 [INFO] HTTP Request: POST https://api.scaleway.ai/v1/audio/transcriptions "HTTP/1.1 200 OK"
2026-07-28 04:16:53,786 [INFO]   chunks=1 | latency=26.0s
2026-07-28 04:16:53,795 [INFO]   WER=0.183 | CER=0.071 | RTF=0.107 | latency=26.0s
2026-07-28 04:16:53,795 [WARNING]   ⚠️  DOSAGE_MISMATCH: ref=5mg hyp=100mg (ratio=20.0x)
2026-07-28 04:16:53,795 [INFO]   REF: bonjour en consultation madame petitjean ai 38 ans adressé par son médecin traitant pour évaluation 
2026-07-28 04:16:53,795 [INFO]   HYP: bonjour en consultation madame petitjean ai 38 ans adressée par son médecin traitant pour évaluation
2026-07-28 04:16:53,795 [INFO] [17/17] seg_0018 — perso_14.m4a
2026-07-28 04:16:54,030 [INFO]     chunk 1/1 — 130.5s
2026-07-28 04:17:00,851 [INFO] HTTP Request: POST https://api.scaleway.ai/v1/audio/transcriptions "HTTP/1.1 200 OK"
2026-07-28 04:17:00,856 [INFO]   chunks=1 | latency=7.1s
2026-07-28 04:17:00,859 [INFO]   WER=0.268 | CER=0.176 | RTF=0.054 | latency=7.1s
2026-07-28 04:17:00,859 [INFO]   REF: cher confrère je rencontre monsieur pour 1 dysphagie haute ai bien noté son antécédents de cancer co
2026-07-28 04:17:00,859 [INFO]   HYP: chers confrères je rencontre monsieur pour 1 dysphagie haute a la ligne ai bien noté son antécédent 
2026-07-28 04:17:00,865 [INFO] 
Results saved → results/results_voxtral_small_chunked.csv

============================================================
RESULTS — Voxtral Small 24B / silence-chunked
============================================================
  Segments:        17
  Mean WER:        0.351
  Mean CER:        0.279
  Med entity acc:  0.802
  Mean RTF:        0.074  ✓ faster than realtime
  Mean latency:    26.5s
  Mean chunks:     1.6 per file
  Dataset:         a3e83cf2aa8a84b85142
  Critical errors: 3
============================================================
