 Network parcanvox_default Creating 
 Network parcanvox_default Created 
 Container parcanvox-whisperx-run-0e772c4f430f Creating 
 Container parcanvox-whisperx-run-0e772c4f430f Created 
2026-07-28 04:18:29,765 [INFO] Dataset fingerprint: a3e83cf2aa8a84b85142
2026-07-28 04:18:29,765 [INFO] Segments: 17 | Total audio: 5634.2s
2026-07-28 04:18:29,765 [INFO] Loading WhisperX large-v3...
2026-07-28 04:18:32,717 [INFO] generated new fontManager
2026-07-28 04:18:36 - whisperx.vads.pyannote - INFO - Performing voice activity detection using Pyannote...
INFO: Lightning automatically upgraded your loaded checkpoint from v1.5.4 to v2.6.5. To apply the upgrade to your files permanently, run `python -m lightning.pytorch.utilities.upgrade_checkpoint ../opt/conda/lib/python3.11/site-packages/whisperx/assets/pytorch_model.bin`
2026-07-28 04:18:36,466 [INFO] Lightning automatically upgraded your loaded checkpoint from v1.5.4 to v2.6.5. To apply the upgrade to your files permanently, run `python -m lightning.pytorch.utilities.upgrade_checkpoint ../opt/conda/lib/python3.11/site-packages/whisperx/assets/pytorch_model.bin`
2026-07-28 04:18:36,536 [INFO] Loaded on cuda/float16 ✓
2026-07-28 04:18:36,537 [INFO] [1/17] seg_0001
2026-07-28 04:18:36,698 [INFO]     chunk 1/1 — 105.7s
/opt/conda/lib/python3.11/site-packages/pyannote/audio/utils/reproducibility.py:74: ReproducibilityWarning: TensorFloat-32 (TF32) has been disabled as it might lead to reproducibility issues and lower accuracy.
It can be re-enabled by calling
   >>> import torch
   >>> torch.backends.cuda.matmul.allow_tf32 = True
   >>> torch.backends.cudnn.allow_tf32 = True
See https://github.com/pyannote/pyannote-audio/issues/1370 for more details.

  warnings.warn(
2026-07-28 04:18:38,804 [INFO]   chunks=1 | latency=2.3s
2026-07-28 04:18:38,810 [INFO]   WER=0.034 | CER=0.014 | RTF=0.021
2026-07-28 04:18:38,810 [INFO]   REF: bonjour comment allez-vous depuis la dernière consultation bonjour docteur ça va mais ça a pas trop 
2026-07-28 04:18:38,810 [INFO]   HYP: bonjour comment allez-vous depuis la dernière consultation bonjour docteur ça va mais ça a pas trop 
2026-07-28 04:18:38,810 [INFO] [2/17] seg_0002
2026-07-28 04:18:57,372 [INFO]     chunk 1/3 — 178.8s
2026-07-28 04:18:59,611 [INFO]     chunk 2/3 — 169.4s
2026-07-28 04:19:02,039 [INFO]     chunk 3/3 — 135.7s
2026-07-28 04:19:04,294 [INFO]   chunks=3 | latency=25.5s
2026-07-28 04:19:04,315 [INFO]   WER=0.044 | CER=0.028 | RTF=0.048
2026-07-28 04:19:04,315 [INFO]   REF: bonjour monsieur dubois ça va bien bonjour docteur oui ça va ça va ai apporté mon adresse habitude p
2026-07-28 04:19:04,315 [INFO]   HYP: bonjour m dubois ça va bien bonjour docteur oui ça va ça va ai apporté mon adresse habitude parfait 
2026-07-28 04:19:04,315 [INFO] [3/17] seg_0003
2026-07-28 04:19:23,819 [INFO]     chunk 1/4 — 180.0s
2026-07-28 04:19:26,006 [INFO]     chunk 2/4 — 136.1s
2026-07-28 04:19:27,997 [INFO]     chunk 3/4 — 175.7s
2026-07-28 04:19:30,454 [INFO]     chunk 4/4 — 33.6s
2026-07-28 04:19:31,754 [INFO]   chunks=4 | latency=27.4s
2026-07-28 04:19:31,775 [INFO]   WER=0.089 | CER=0.051 | RTF=0.050
2026-07-28 04:19:31,775 [INFO]   REF: bonjour m laurent alors vous venez me voir sur les conseils de votre médecin généraliste est ça oui 
2026-07-28 04:19:31,775 [INFO]   HYP: bonjour m laurent alors vous venez me voir sur les conseils de votre médecin généraliste est ça oui 
2026-07-28 04:19:31,775 [INFO] [4/17] seg_0004
2026-07-28 04:19:48,390 [INFO]     chunk 1/3 — 176.6s
2026-07-28 04:19:50,638 [INFO]     chunk 2/3 — 179.5s
2026-07-28 04:19:53,040 [INFO]     chunk 3/3 — 58.8s
2026-07-28 04:19:54,437 [INFO]   chunks=3 | latency=22.7s
2026-07-28 04:19:54,455 [INFO]   WER=0.073 | CER=0.062 | RTF=0.045
2026-07-28 04:19:54,455 [INFO]   REF: bonjour madame lefebvre alors venez vous asseoir doucement je vois que vous préférez rester assise o
2026-07-28 04:19:54,455 [INFO]   HYP: bonjour madame lefebvre alors venez vous asseoir doucement je vois que vous préférez rester assise o
2026-07-28 04:19:54,455 [INFO] [5/17] seg_0005
2026-07-28 04:20:13,561 [INFO]     chunk 1/3 — 179.5s
2026-07-28 04:20:15,882 [INFO]     chunk 2/3 — 175.3s
2026-07-28 04:20:18,516 [INFO]     chunk 3/3 — 111.5s
2026-07-28 04:20:20,374 [INFO]   chunks=3 | latency=25.9s
2026-07-28 04:20:20,393 [INFO]   WER=0.143 | CER=0.120 | RTF=0.048
2026-07-28 04:20:20,393 [WARNING]   ⚠️  DOSAGE_MISSING: ref=80mg not found in hypothesis
2026-07-28 04:20:20,393 [INFO]   REF: madame ben saïd oui bonjour bonjour madame allez-y je vous en prie installez-vous très bien merci al
2026-07-28 04:20:20,393 [INFO]   HYP: madame ben saïd oui bonjour bonjour madame allez-y je vous en prie installez-vous très bien merci al
2026-07-28 04:20:20,393 [INFO] [6/17] seg_0006
2026-07-28 04:20:36,371 [INFO]     chunk 1/2 — 175.0s
2026-07-28 04:20:38,724 [INFO]     chunk 2/2 — 5.7s
2026-07-28 04:20:39,059 [INFO]   chunks=2 | latency=18.7s
2026-07-28 04:20:39,065 [INFO]   WER=0.326 | CER=0.220 | RTF=0.080
2026-07-28 04:20:39,065 [INFO]   REF: chers confrères je vous en consultation monsieur pour hypoacousie droite point à la ligne bien pris 
2026-07-28 04:20:39,065 [INFO]   HYP: cher confrère je vois en consultation monsieur pour hypoacousie droite point à la ligne ai bien pris
2026-07-28 04:20:39,065 [INFO] [7/17] seg_0007
2026-07-28 04:20:39,206 [INFO]     chunk 1/1 — 87.3s
2026-07-28 04:20:40,983 [INFO]   chunks=1 | latency=1.9s
2026-07-28 04:20:40,986 [INFO]   WER=0.166 | CER=0.056 | RTF=0.004
2026-07-28 04:20:40,986 [WARNING]   ⚠️  DOSAGE_MISMATCH: ref=4mg hyp=75mg (ratio=18.8x)
2026-07-28 04:20:40,986 [INFO]   REF: cher confrère ai vu ce jour mlle dupont marie pour 1 problématique de vertiges évoluant depuis envir
2026-07-28 04:20:40,987 [INFO]   HYP: cher confrère ai vu ce jour madame dupont-marie pour 1 problématique de vertige évoluant depuis envi
2026-07-28 04:20:40,987 [INFO] [8/17] seg_0008
2026-07-28 04:20:41,176 [INFO]     chunk 1/1 — 155.5s
2026-07-28 04:20:43,294 [INFO]   chunks=1 | latency=2.3s
2026-07-28 04:20:43,299 [INFO]   WER=0.109 | CER=0.038 | RTF=0.004
2026-07-28 04:20:43,299 [INFO]   REF: bilan 1 lésion suspecte du bord libre de hémilangue droite le patient a comme antécédents 1 otospong
2026-07-28 04:20:43,299 [INFO]   HYP: 1 lésion suspecte du bord libre de hémilangue droite le patient a comme antécédent 1 autospongieuse 
2026-07-28 04:20:43,299 [INFO] [9/17] seg_0009
2026-07-28 04:20:43,470 [INFO]     chunk 1/1 — 86.9s
2026-07-28 04:20:44,765 [INFO]   chunks=1 | latency=1.5s
2026-07-28 04:20:44,767 [INFO]   WER=0.219 | CER=0.119 | RTF=0.017
2026-07-28 04:20:44,767 [INFO]   REF: chers confrère je vois en consultation le jeune à 8 mois de son amygdalectomie partielle adénoïdecto
2026-07-28 04:20:44,767 [INFO]   HYP: chers confrères je vois en consultation le jeune à 8 mois de son amygdalaectomie partielle adénodect
2026-07-28 04:20:44,768 [INFO] [10/17] seg_0010
2026-07-28 04:21:04,458 [INFO]     chunk 1/3 — 178.2s
2026-07-28 04:21:06,795 [INFO]     chunk 2/3 — 171.6s
2026-07-28 04:21:09,026 [INFO]     chunk 3/3 — 61.3s
2026-07-28 04:21:10,266 [INFO]   chunks=3 | latency=25.5s
2026-07-28 04:21:10,281 [INFO]   WER=1.612 | CER=1.340 | RTF=0.042
2026-07-28 04:21:10,281 [INFO]   REF: bonjour madame dupont vous avez 1 problème de voix je peux plus parler normalement vous parlez très 
2026-07-28 04:21:10,281 [INFO]   HYP: bonjour madame dupont alors vous avez 1 problème de voix est ça oui bonjour docteur est ça plus parl
2026-07-28 04:21:10,281 [INFO] [11/17] seg_0011
2026-07-28 04:21:25,778 [INFO]     chunk 1/2 — 178.5s
2026-07-28 04:21:28,295 [INFO]     chunk 2/2 — 159.2s
2026-07-28 04:21:30,577 [INFO]   chunks=2 | latency=20.3s
2026-07-28 04:21:30,591 [INFO]   WER=0.102 | CER=0.072 | RTF=0.047
2026-07-28 04:21:30,591 [INFO]   REF: bonjour madame riboud venez je vous en prie entrez venez vous asseoir merci docteur honnêtement ai p
2026-07-28 04:21:30,591 [INFO]   HYP: bonjour madame riboud venez je vous en prie entrez venez vous asseoir est votre père honnêtement ai 
2026-07-28 04:21:30,592 [INFO] [12/17] seg_0012
2026-07-28 04:21:30,861 [INFO]     chunk 1/1 — 154.6s
2026-07-28 04:21:33,008 [INFO]   chunks=1 | latency=2.4s
2026-07-28 04:21:33,012 [INFO]   WER=0.315 | CER=0.166 | RTF=0.016
2026-07-28 04:21:33,012 [INFO]   REF: chers confrère je vois en consultation la jeune pour la laryngite à répétition et troubles respirato
2026-07-28 04:21:33,012 [INFO]   HYP: chers confrères je vous envoie en consultation la jeûne pour laryngite à répétition et troubles resp
2026-07-28 04:21:33,012 [INFO] [13/17] seg_0014
2026-07-28 04:21:33,199 [INFO]     chunk 1/1 — 136.6s
2026-07-28 04:21:35,177 [INFO]   chunks=1 | latency=2.2s
2026-07-28 04:21:35,182 [INFO]   WER=0.144 | CER=0.069 | RTF=0.016
2026-07-28 04:21:35,182 [INFO]   REF: je vois en consultation mes sujets ai de 64 ans resté par son médecin traitant pour optimisation du 
2026-07-28 04:21:35,182 [INFO]   HYP: je vois en consultation mes sujets ai de 64 ans adressé par son médecin traitant pour optimisation d
2026-07-28 04:21:35,182 [INFO] [14/17] seg_0015
2026-07-28 04:21:35,343 [INFO]     chunk 1/1 — 126.6s
2026-07-28 04:21:37,299 [INFO]   chunks=1 | latency=2.1s
2026-07-28 04:21:37,304 [INFO]   WER=0.260 | CER=0.195 | RTF=0.017
2026-07-28 04:21:37,304 [INFO]   REF: madame durand ai de 52 ans opérée ce jour pour polypose nasocinusine bilatérale récidivante dans le 
2026-07-28 04:21:37,304 [INFO]   HYP: madame durand ai de 52 ans opérée ce jour pour polypose nasocinusine bilatérale récidivante dans le 
2026-07-28 04:21:37,304 [INFO] [15/17] seg_0016
2026-07-28 04:21:43,817 [INFO]     chunk 1/1 — 167.4s
2026-07-28 04:21:46,261 [INFO]   chunks=1 | latency=9.0s
2026-07-28 04:21:46,266 [INFO]   WER=0.144 | CER=0.055 | RTF=0.049
2026-07-28 04:21:46,267 [WARNING]   ⚠️  DOSAGE_MISSING: ref=68ui not found in hypothesis
2026-07-28 04:21:46,267 [INFO]   REF: je vois en consultation madame duville âgée de 57 ans adressée pour prise en charge 1 polyarthrite r
2026-07-28 04:21:46,267 [INFO]   HYP: je vois en consultation madame duville âgée de 57 ans adressée pour prise en charge 1 polyarthrite r
2026-07-28 04:21:46,267 [INFO] [16/17] seg_0017
2026-07-28 04:21:54,860 [INFO]     chunk 1/1 — 243.5s
2026-07-28 04:21:58,482 [INFO]   chunks=1 | latency=12.2s
2026-07-28 04:21:58,490 [INFO]   WER=0.125 | CER=0.057 | RTF=0.050
2026-07-28 04:21:58,490 [WARNING]   ⚠️  DOSAGE_MISMATCH: ref=5mg hyp=50mg (ratio=10.0x)
2026-07-28 04:21:58,490 [INFO]   REF: bonjour en consultation madame petitjean ai 38 ans adressé par son médecin traitant pour évaluation 
2026-07-28 04:21:58,490 [INFO]   HYP: bonjour en consultation madame petitjean ai 38 ans adressé par son médecin traitant pour évaluation 
2026-07-28 04:21:58,490 [INFO] [17/17] seg_0018
2026-07-28 04:21:58,726 [INFO]     chunk 1/1 — 130.5s
2026-07-28 04:22:00,187 [INFO]   chunks=1 | latency=1.7s
2026-07-28 04:22:00,190 [INFO]   WER=0.300 | CER=0.205 | RTF=0.013
2026-07-28 04:22:00,190 [INFO]   REF: cher confrère je rencontre monsieur pour 1 dysphagie haute ai bien noté son antécédents de cancer co
2026-07-28 04:22:00,190 [INFO]   HYP: cher confrère je rencontre monsieur pour 1 dysphagie haute point alenia ai bien noté son antécédent 
2026-07-28 04:22:00,197 [INFO] Results saved → results/results_whisperx_chunked.csv

============================================================
RESULTS — whisperx-large-v3 / silence-chunked (cuda/float16)
============================================================
  Segments:        17
  Mean WER:        0.247
  Mean CER:        0.169
  Med entity acc:  0.861
  Mean RTF:        0.033
  Mean latency:    12.0s
  Mean chunks:     1.8 per file
  Critical errors: 4
  Dataset:         a3e83cf2aa8a84b85142
============================================================
